<Project Sdk="Microsoft.NET.Sdk">

  <PropertyGroup>
    <TargetFramework>netcoreapp1.1</TargetFramework>
    <AssemblyName>VersionedLibrary</AssemblyName>
    <AnotherVersion>1.2.3.4</AnotherVersion>
    <VersionAnother>1.2.3.4</VersionAnother>
    <AssemblyVersion>9.9.9.9</AssemblyVersion>
    <Version>9.9.9.9</Version>
    <Description>A description</Description>
  </PropertyGroup>

</Project>

