<Project Sdk="Microsoft.NET.Sdk">

  <PropertyGroup>
    <TargetFramework>netcoreapp1.1</TargetFramework>
    <AssemblyName>VersionedLibrary</AssemblyName>
    <AssemblyVersion>9.9.9.9</AssemblyVersion>
    <Version>1.2.3.4</Version>
    <VersionPrefix>1.2.3</VersionPrefix>
    <VersionSuffix>alpha</VersionSuffix>
    <Description>A description</Description>
  </PropertyGroup>

</Project>
